22:53:59 **** Auto Build of configuration Debug for project lab6_IRQ ****
make pre-build main-build 
a9-linaro-pre-build-step
' '
'Building file: ../src/helloworld.c'
'Invoking: ARM v7 gcc compiler'
arm-none-eabi-gcc -Wall -O0 -g3 -c -fmessage-length=0 -MT"src/helloworld.o" -mcpu=cortex-a9 -mfpu=vfpv3 -mfloat-abi=hard -I../../lab6_IRQ_bsp/ps7_cortexa9_0/include -MMD -MP -MF"src/helloworld.d" -MT"src/helloworld.o" -o "src/helloworld.o" "../src/helloworld.c"
../src/helloworld.c: In function 'main':
../src/helloworld.c:103:13: warning: unused variable 'push' [-Wunused-variable]
  XGpio dip, push;
             ^~~~
../src/helloworld.c:103:8: warning: unused variable 'dip' [-Wunused-variable]
  XGpio dip, push;
        ^~~
'Finished building: ../src/helloworld.c'
' '
'Building target: lab6_IRQ.elf'
'Invoking: ARM v7 gcc linker'
arm-none-eabi-gcc -mcpu=cortex-a9 -mfpu=vfpv3 -mfloat-abi=hard -Wl,-build-id=none -specs=Xilinx.spec -Wl,-T -Wl,../src/lscript.ld -L../../lab6_IRQ_bsp/ps7_cortexa9_0/lib -o "lab6_IRQ.elf"  ./src/helloworld.o ./src/platform.o   -Wl,--start-group,-lxil,-lgcc,-lc,--end-group
'Finished building target: lab6_IRQ.elf'
' '
'Invoking: ARM v7 Print Size'
arm-none-eabi-size lab6_IRQ.elf  |tee "lab6_IRQ.elf.size"
   text	   data	    bss	    dec	    hex	filename
  25908	   2720	  22600	  51228	   c81c	lab6_IRQ.elf
'Finished building: lab6_IRQ.elf.size'
' '

22:54:01 Build Finished (took 1s.758ms)

